[wrappixel.com/demos/admin-templates/monster-admin/main/index.html]
[wrappixel.com/demos/admin-templates/monster-admin/assets/images/favicon.png]
[backblue.gif]
[fade.gif]
[index.html]
[www.google-analytics.com/analytics.js]
[wrappixel.com/demos/admin-templates/monster-admin/assets/images/logo-icon.png]
[wrappixel.com/demos/admin-templates/monster-admin/assets/images/logo-light-icon.png]
[wrappixel.com/demos/admin-templates/monster-admin/assets/images/logo-text.png]
[wrappixel.com/demos/admin-templates/monster-admin/assets/images/logo-light-text.png]
[wrappixel.com/demos/admin-templates/monster-admin/assets/images/users/1.jpg]
[wrappixel.com/demos/admin-templates/monster-admin/assets/images/users/2.jpg]
[wrappixel.com/demos/admin-templates/monster-admin/assets/images/users/3.jpg]
[wrappixel.com/demos/admin-templates/monster-admin/assets/images/users/4.jpg]
[wrappixel.com/demos/admin-templates/monster-admin/assets/images/big/img1.jpg]
[wrappixel.com/demos/admin-templates/monster-admin/assets/images/big/img2.jpg]
[wrappixel.com/demos/admin-templates/monster-admin/assets/images/big/img3.jpg]
[wrappixel.com/demos/admin-templates/monster-admin/main/profile.html]
[wrappixel.com/demos/admin-templates/monster-admin/main/login.html]
[wrappixel.com/demos/admin-templates/monster-admin/main/index2.html]
[wrappixel.com/demos/admin-templates/monster-admin/main/index3.html]
[wrappixel.com/demos/admin-templates/monster-admin/main/index4.html]
[wrappixel.com/demos/admin-templates/monster-admin/main/index5.html]
[wrappixel.com/demos/admin-templates/monster-admin/main/app-calendar.html]
[wrappixel.com/demos/admin-templates/monster-admin/main/app-chat.html]
[wrappixel.com/demos/admin-templates/monster-admin/main/app-ticket.html]
[wrappixel.com/demos/admin-templates/monster-admin/main/app-contact.html]
[wrappixel.com/demos/admin-templates/monster-admin/main/app-contact2.html]
[wrappixel.com/demos/admin-templates/monster-admin/main/app-contact-detail.html]
[wrappixel.com/demos/admin-templates/monster-admin/main/app-email.html]
[wrappixel.com/demos/admin-templates/monster-admin/main/app-email-detail.html]
[wrappixel.com/demos/admin-templates/monster-admin/main/app-compose.html]
[wrappixel.com/demos/admin-templates/monster-admin/main/ui-cards.html]
[wrappixel.com/demos/admin-templates/monster-admin/main/ui-user-card.html]
[wrappixel.com/demos/admin-templates/monster-admin/main/ui-buttons.html]
[wrappixel.com/demos/admin-templates/monster-admin/main/ui-modals.html]
[wrappixel.com/demos/admin-templates/monster-admin/main/ui-tab.html]
[wrappixel.com/demos/admin-templates/monster-admin/main/ui-tooltip-popover.html]
[wrappixel.com/demos/admin-templates/monster-admin/main/ui-tooltip-stylish.html]
[wrappixel.com/demos/admin-templates/monster-admin/main/ui-sweetalert.html]
[wrappixel.com/demos/admin-templates/monster-admin/main/ui-notification.html]
[wrappixel.com/demos/admin-templates/monster-admin/main/ui-progressbar.html]
[wrappixel.com/demos/admin-templates/monster-admin/main/ui-nestable.html]
[wrappixel.com/demos/admin-templates/monster-admin/main/ui-range-slider.html]
[wrappixel.com/demos/admin-templates/monster-admin/main/ui-timeline.html]
[wrappixel.com/demos/admin-templates/monster-admin/main/ui-typography.html]
[wrappixel.com/demos/admin-templates/monster-admin/main/ui-horizontal-timeline.html]
[wrappixel.com/demos/admin-templates/monster-admin/main/ui-session-timeout.html]
[wrappixel.com/demos/admin-templates/monster-admin/main/ui-session-ideal-timeout.html]
[wrappixel.com/demos/admin-templates/monster-admin/main/ui-bootstrap.html]
[wrappixel.com/demos/admin-templates/monster-admin/main/ui-breadcrumb.html]
[wrappixel.com/demos/admin-templates/monster-admin/main/ui-bootstrap-switch.html]
[wrappixel.com/demos/admin-templates/monster-admin/main/ui-list-media.html]
[wrappixel.com/demos/admin-templates/monster-admin/main/ui-ribbons.html]
[wrappixel.com/demos/admin-templates/monster-admin/main/ui-grid.html]
[wrappixel.com/demos/admin-templates/monster-admin/main/ui-carousel.html]
[wrappixel.com/demos/admin-templates/monster-admin/main/ui-date-paginator.html]
[wrappixel.com/demos/admin-templates/monster-admin/main/ui-dragable-portlet.html]
[wrappixel.com/demos/admin-templates/monster-admin/main/ui-spinner.html]
[wrappixel.com/demos/admin-templates/monster-admin/main/ui-scrollspy.html]
[wrappixel.com/demos/admin-templates/monster-admin/main/ui-toasts.html]
[wrappixel.com/demos/admin-templates/monster-admin/main/form-basic.html]
[wrappixel.com/demos/admin-templates/monster-admin/main/form-layout.html]
[wrappixel.com/demos/admin-templates/monster-admin/main/form-addons.html]
[wrappixel.com/demos/admin-templates/monster-admin/main/form-material.html]
[wrappixel.com/demos/admin-templates/monster-admin/main/form-float-input.html]
[wrappixel.com/demos/admin-templates/monster-admin/main/form-pickers.html]
[wrappixel.com/demos/admin-templates/monster-admin/main/form-upload.html]
[wrappixel.com/demos/admin-templates/monster-admin/main/form-mask.html]
[wrappixel.com/demos/admin-templates/monster-admin/main/form-validation.html]
[wrappixel.com/demos/admin-templates/monster-admin/main/form-bootstrap-validation.html]
[wrappixel.com/demos/admin-templates/monster-admin/main/form-dropzone.html]
[wrappixel.com/demos/admin-templates/monster-admin/main/form-icheck.html]
[wrappixel.com/demos/admin-templates/monster-admin/main/form-img-cropper.html]
[wrappixel.com/demos/admin-templates/monster-admin/main/form-bootstrapwysihtml5.html]
[wrappixel.com/demos/admin-templates/monster-admin/main/form-typehead.html]
[wrappixel.com/demos/admin-templates/monster-admin/main/form-wizard.html]
[wrappixel.com/demos/admin-templates/monster-admin/main/form-xeditable.html]
[wrappixel.com/demos/admin-templates/monster-admin/main/form-summernote.html]
[wrappixel.com/demos/admin-templates/monster-admin/main/form-tinymce.html]
[wrappixel.com/demos/admin-templates/monster-admin/main/table-basic.html]
[wrappixel.com/demos/admin-templates/monster-admin/main/table-layout.html]
[wrappixel.com/demos/admin-templates/monster-admin/main/table-data-table.html]
[wrappixel.com/demos/admin-templates/monster-admin/main/table-footable.html]
[wrappixel.com/demos/admin-templates/monster-admin/main/table-jsgrid.html]
[wrappixel.com/demos/admin-templates/monster-admin/main/table-responsive.html]
[wrappixel.com/demos/admin-templates/monster-admin/main/table-bootstrap.html]
[wrappixel.com/demos/admin-templates/monster-admin/main/table-editable-table.html]
[wrappixel.com/demos/admin-templates/monster-admin/main/widget-apps.html]
[wrappixel.com/demos/admin-templates/monster-admin/main/widget-data.html]
[wrappixel.com/demos/admin-templates/monster-admin/main/widget-charts.html]
[wrappixel.com/demos/admin-templates/monster-admin/main/layout-single-column.html]
[wrappixel.com/demos/admin-templates/monster-admin/main/layout-fix-header.html]
[wrappixel.com/demos/admin-templates/monster-admin/main/layout-fix-sidebar.html]
[wrappixel.com/demos/admin-templates/monster-admin/main/layout-fix-header-sidebar.html]
[wrappixel.com/demos/admin-templates/monster-admin/main/layout-boxed.html]
[wrappixel.com/demos/admin-templates/monster-admin/main/layout-logo-center.html]
[wrappixel.com/demos/admin-templates/monster-admin/main/starter-kit.html]
[wrappixel.com/demos/admin-templates/monster-admin/main/pages-blank.html]
[wrappixel.com/demos/admin-templates/monster-admin/main/pages-login.html]
[wrappixel.com/demos/admin-templates/monster-admin/main/pages-login-2.html]
[wrappixel.com/demos/admin-templates/monster-admin/main/pages-register.html]
[wrappixel.com/demos/admin-templates/monster-admin/main/pages-register2.html]
[wrappixel.com/demos/admin-templates/monster-admin/main/pages-lockscreen.html]
[wrappixel.com/demos/admin-templates/monster-admin/main/pages-recover-password.html]
[wrappixel.com/demos/admin-templates/monster-admin/main/pages-profile.html]
[wrappixel.com/demos/admin-templates/monster-admin/main/pages-animation.html]
[wrappixel.com/demos/admin-templates/monster-admin/main/pages-fix-innersidebar.html]
[wrappixel.com/demos/admin-templates/monster-admin/main/pages-fix-inner-right-sidebar.html]
[wrappixel.com/demos/admin-templates/monster-admin/main/pages-invoice.html]
[wrappixel.com/demos/admin-templates/monster-admin/main/pages-treeview.html]
[wrappixel.com/demos/admin-templates/monster-admin/main/pages-utility-classes.html]
[wrappixel.com/demos/admin-templates/monster-admin/main/pages-search-result.html]
[wrappixel.com/demos/admin-templates/monster-admin/main/pages-scroll.html]
[wrappixel.com/demos/admin-templates/monster-admin/main/pages-pricing.html]
[wrappixel.com/demos/admin-templates/monster-admin/main/pages-lightbox-popup.html]
[wrappixel.com/demos/admin-templates/monster-admin/main/pages-gallery.html]
[wrappixel.com/demos/admin-templates/monster-admin/main/pages-faq.html]
[wrappixel.com/demos/admin-templates/monster-admin/main/pages-error-400.html]
[wrappixel.com/demos/admin-templates/monster-admin/main/pages-error-403.html]
[wrappixel.com/demos/admin-templates/monster-admin/main/pages-error-404.html]
[wrappixel.com/demos/admin-templates/monster-admin/main/pages-error-500.html]
[wrappixel.com/demos/admin-templates/monster-admin/main/pages-error-503.html]
[wrappixel.com/demos/admin-templates/monster-admin/main/chart-morris.html]
[wrappixel.com/demos/admin-templates/monster-admin/main/chart-chartist.html]
[wrappixel.com/demos/admin-templates/monster-admin/main/chart-echart.html]
[wrappixel.com/demos/admin-templates/monster-admin/main/chart-flot.html]
[wrappixel.com/demos/admin-templates/monster-admin/main/chart-knob.html]
[wrappixel.com/demos/admin-templates/monster-admin/main/chart-chart-js.html]
[wrappixel.com/demos/admin-templates/monster-admin/main/chart-sparkline.html]
[wrappixel.com/demos/admin-templates/monster-admin/main/chart-extra-chart.html]
[wrappixel.com/demos/admin-templates/monster-admin/main/chart-peity.html]
[wrappixel.com/demos/admin-templates/monster-admin/main/icon-material.html]
[wrappixel.com/demos/admin-templates/monster-admin/main/icon-fontawesome.html]
[wrappixel.com/demos/admin-templates/monster-admin/main/icon-themify.html]
[wrappixel.com/demos/admin-templates/monster-admin/main/icon-linea.html]
[wrappixel.com/demos/admin-templates/monster-admin/main/icon-weather.html]
[wrappixel.com/demos/admin-templates/monster-admin/main/icon-simple-lineicon.html]
[wrappixel.com/demos/admin-templates/monster-admin/main/icon-flag.html]
[wrappixel.com/demos/admin-templates/monster-admin/main/map-google.html]
[wrappixel.com/demos/admin-templates/monster-admin/main/map-vector.html]
[wrappixel.com/demos/admin-templates/monster-admin/assets/images/big/img4.jpg]
[wrappixel.com/demos/admin-templates/monster-admin/assets/images/users/5.jpg]
[wrappixel.com/demos/admin-templates/monster-admin/assets/images/users/6.jpg]
[wrappixel.com/demos/admin-templates/monster-admin/assets/images/users/7.jpg]
[wrappixel.com/demos/admin-templates/monster-admin/assets/images/users/8.jpg]
[wrappixel.com/demos/admin-templates/monster-admin/assets/plugins/jquery/jquery.min.js]
[wrappixel.com/demos/admin-templates/monster-admin/assets/plugins/bootstrap/js/popper.min.js]
[wrappixel.com/demos/admin-templates/monster-admin/assets/plugins/bootstrap/js/bootstrap.min.js]
[wrappixel.com/demos/admin-templates/monster-admin/main/js/jquery.slimscroll.js]
[wrappixel.com/demos/admin-templates/monster-admin/main/js/waves.js]
[wrappixel.com/demos/admin-templates/monster-admin/main/js/sidebarmenu.js]
[wrappixel.com/demos/admin-templates/monster-admin/assets/plugins/sticky-kit-master/dist/sticky-kit.min.js]
[wrappixel.com/demos/admin-templates/monster-admin/main/js/custom.min.js]
[wrappixel.com/demos/admin-templates/monster-admin/assets/plugins/chartist-js/dist/chartist.min.js]
[wrappixel.com/demos/admin-templates/monster-admin/assets/plugins/chartist-plugin-tooltip-master/dist/chartist-plugin-tooltip.min.js]
[wrappixel.com/demos/admin-templates/monster-admin/assets/plugins/echarts/echarts-all.js]
[wrappixel.com/demos/admin-templates/monster-admin/assets/plugins/toast-master/js/jquery.toast.js]
[wrappixel.com/demos/admin-templates/monster-admin/main/js/dashboard1.js]
[wrappixel.com/demos/admin-templates/monster-admin/main/js/toastr.js]
[wrappixel.com/demos/admin-templates/monster-admin/assets/plugins/styleswitcher/jQuery.style.switcher.js]
[wrappixel.com/demos/admin-templates/monster-admin/main/index.html]
[wrappixel.com/demos/admin-templates/monster-admin/assets/plugins/bootstrap/css/bootstrap.min.css]
[wrappixel.com/demos/admin-templates/monster-admin/assets/plugins/chartist-js/dist/chartist.min.css]
[wrappixel.com/demos/admin-templates/monster-admin/assets/plugins/chartist-js/dist/chartist-init.css]
[wrappixel.com/demos/admin-templates/monster-admin/assets/plugins/chartist-plugin-tooltip-master/dist/chartist-plugin-tooltip.css]
[wrappixel.com/demos/admin-templates/monster-admin/assets/plugins/css-chart/css-chart.css]
[wrappixel.com/demos/admin-templates/monster-admin/assets/plugins/toast-master/css/jquery.toast.css]
[wrappixel.com/demos/admin-templates/monster-admin/assets/images/background/megamenubg.jpg]
[wrappixel.com/demos/admin-templates/monster-admin/assets/images/custom-select.png]
[wrappixel.com/demos/admin-templates/monster-admin/assets/images/background/error-bg.jpg]
[wrappixel.com/demos/admin-templates/monster-admin/main/css/style.css]
[wrappixel.com/demos/admin-templates/monster-admin/main/css/colors/blue.css]
[wrappixel.com/demos/admin-templates/monster-admin/main/profile.html]
[wrappixel.com/demos/admin-templates/monster-admin/assets/images/background/login-register.jpg]
[wrappixel.com/demos/admin-templates/monster-admin/main/register.b3.delayed]
[wrappixel.com/demos/admin-templates/monster-admin/main/login.html]
[wrappixel.com/demos/admin-templates/monster-admin/assets/plugins/Chart.js/Chart.min.js]
[wrappixel.com/demos/admin-templates/monster-admin/main/js/dashboard2.js]
[wrappixel.com/demos/admin-templates/monster-admin/main/index2.html]
[wrappixel.com/demos/admin-templates/monster-admin/assets/images/background/socialbg.jpg]
[wrappixel.com/demos/admin-templates/monster-admin/assets/images/browser/photoshop.jpg]
[wrappixel.com/demos/admin-templates/monster-admin/assets/images/browser/sketch.jpg]
[wrappixel.com/demos/admin-templates/monster-admin/assets/plugins/sparkline/jquery.sparkline.min.js]
[wrappixel.com/demos/admin-templates/monster-admin/assets/plugins/flot/excanvas.js]
[wrappixel.com/demos/admin-templates/monster-admin/assets/plugins/flot/jquery.flot.js]
[wrappixel.com/demos/admin-templates/monster-admin/assets/plugins/flot/jquery.flot.time.js]
[wrappixel.com/demos/admin-templates/monster-admin/assets/plugins/flot.tooltip/js/jquery.flot.tooltip.min.js]
[wrappixel.com/demos/admin-templates/monster-admin/main/js/dashboard3.js]
[wrappixel.com/demos/admin-templates/monster-admin/main/index3.html]
[wrappixel.com/demos/admin-templates/monster-admin/assets/images/browser/chrome-logo.png]
[wrappixel.com/demos/admin-templates/monster-admin/assets/images/browser/firefox-logo.png]
[wrappixel.com/demos/admin-templates/monster-admin/assets/images/browser/safari-logo.png]
[wrappixel.com/demos/admin-templates/monster-admin/assets/images/browser/internet-logo.png]
[wrappixel.com/demos/admin-templates/monster-admin/assets/images/browser/opera-logo.png]
[wrappixel.com/demos/admin-templates/monster-admin/assets/plugins/vectormap/jquery-jvectormap-2.0.2.min.js]
[wrappixel.com/demos/admin-templates/monster-admin/assets/plugins/vectormap/jquery-jvectormap-world-mill-en.js]
[wrappixel.com/demos/admin-templates/monster-admin/assets/plugins/moment/moment.js]
[wrappixel.com/demos/admin-templates/monster-admin/assets/plugins/calendar/dist/fullcalendar.min.js]
[wrappixel.com/demos/admin-templates/monster-admin/assets/plugins/calendar/dist/jquery.fullcalendar.js]
[wrappixel.com/demos/admin-templates/monster-admin/assets/plugins/calendar/dist/cal-init.js]
[wrappixel.com/demos/admin-templates/monster-admin/main/js/dashboard4.js]
[wrappixel.com/demos/admin-templates/monster-admin/main/index4.html]
[wrappixel.com/demos/admin-templates/monster-admin/main/js/dashboard5.js]
[wrappixel.com/demos/admin-templates/monster-admin/main/index5.html]
[wrappixel.com/demos/admin-templates/monster-admin/assets/plugins/calendar/jquery-ui.min.js]
[wrappixel.com/demos/admin-templates/monster-admin/main/app-calendar.html]
[wrappixel.com/demos/admin-templates/monster-admin/main/js/chat.js]
[wrappixel.com/demos/admin-templates/monster-admin/main/app-chat.html]
[wrappixel.com/demos/admin-templates/monster-admin/assets/plugins/footable/js/footable.min.js]
[wrappixel.com/demos/admin-templates/monster-admin/main/js/footable-init.js]
[wrappixel.com/demos/admin-templates/monster-admin/main/app-ticket.html]
[wrappixel.com/demos/admin-templates/monster-admin/main/app-contact.html]
[wrappixel.com/demos/admin-templates/monster-admin/main/app-contact2.html]
[wrappixel.com/demos/admin-templates/monster-admin/main/app-contact-detail.html]
[wrappixel.com/demos/admin-templates/monster-admin/main/app-email.html]
[wrappixel.com/demos/admin-templates/monster-admin/main/app-email-detail.html]
[wrappixel.com/demos/admin-templates/monster-admin/assets/plugins/html5-editor/wysihtml5-0.3.0.js]
[wrappixel.com/demos/admin-templates/monster-admin/assets/plugins/html5-editor/bootstrap-wysihtml5.js]
[wrappixel.com/demos/admin-templates/monster-admin/assets/plugins/dropzone-master/dist/dropzone.js]
[wrappixel.com/demos/admin-templates/monster-admin/main/app-compose.html]
[wrappixel.com/demos/admin-templates/monster-admin/assets/images/big/img6.jpg]
[wrappixel.com/demos/admin-templates/monster-admin/assets/images/big/img5.jpg]
[wrappixel.com/demos/admin-templates/monster-admin/main/ui-cards.html]
[wrappixel.com/demos/admin-templates/monster-admin/plugins/images/users/1.jpg]
[wrappixel.com/demos/admin-templates/monster-admin/assets/plugins/Magnific-Popup-master/dist/jquery.magnific-popup.min.js]
[wrappixel.com/demos/admin-templates/monster-admin/assets/plugins/Magnific-Popup-master/dist/jquery.magnific-popup-init.js]
[wrappixel.com/demos/admin-templates/monster-admin/main/ui-user-card.html]
[wrappixel.com/demos/admin-templates/monster-admin/main/ui-buttons.html]
[wrappixel.com/demos/admin-templates/monster-admin/assets/images/alert/model2.png]
[wrappixel.com/demos/admin-templates/monster-admin/assets/images/alert/model.png]
[wrappixel.com/demos/admin-templates/monster-admin/assets/images/alert/model3.png]
[wrappixel.com/demos/admin-templates/monster-admin/main/ui-modals.html]
[wrappixel.com/demos/admin-templates/monster-admin/main/ui-tab.html]
[wrappixel.com/demos/admin-templates/monster-admin/main/ui-tooltip-popover.html]
[wrappixel.com/demos/admin-templates/monster-admin/assets/images/tooltip/Euclid.png]
[wrappixel.com/demos/admin-templates/monster-admin/main/ui-tooltip-stylish.html]
[wrappixel.com/demos/admin-templates/monster-admin/assets/images/alert/alert.png]
[wrappixel.com/demos/admin-templates/monster-admin/assets/images/alert/alert2.png]
[wrappixel.com/demos/admin-templates/monster-admin/assets/images/alert/alert3.png]
[wrappixel.com/demos/admin-templates/monster-admin/assets/images/alert/alert4.png]
[wrappixel.com/demos/admin-templates/monster-admin/assets/images/alert/alert5.png]
[wrappixel.com/demos/admin-templates/monster-admin/assets/images/alert/alert7.png]
[wrappixel.com/demos/admin-templates/monster-admin/assets/images/alert/alert6.png]
[wrappixel.com/demos/admin-templates/monster-admin/assets/plugins/sweetalert/sweetalert.min.js]
[wrappixel.com/demos/admin-templates/monster-admin/assets/plugins/sweetalert/jquery.sweet-alert.custom.js]
[wrappixel.com/demos/admin-templates/monster-admin/main/ui-sweetalert.html]
[wrappixel.com/demos/admin-templates/monster-admin/main/ui-notification.html]
[wrappixel.com/demos/admin-templates/monster-admin/main/ui-progressbar.html]
[wrappixel.com/demos/admin-templates/monster-admin/assets/plugins/nestable/jquery.nestable.js]
[wrappixel.com/demos/admin-templates/monster-admin/main/ui-nestable.html]
[wrappixel.com/demos/admin-templates/monster-admin/assets/plugins/ion-rangeslider/js/ion-rangeSlider/ion.rangeSlider.min.js]
[wrappixel.com/demos/admin-templates/monster-admin/assets/plugins/ion-rangeslider/js/ion-rangeSlider/ion.rangeSlider-init.js]
[wrappixel.com/demos/admin-templates/monster-admin/main/ui-range-slider.html]
[wrappixel.com/demos/admin-templates/monster-admin/main/ui-timeline.html]
[wrappixel.com/demos/admin-templates/monster-admin/main/ui-typography.html]
[wrappixel.com/demos/admin-templates/monster-admin/assets/plugins/horizontal-timeline/js/horizontal-timeline.js]
[wrappixel.com/demos/admin-templates/monster-admin/main/ui-horizontal-timeline.html]
[wrappixel.com/demos/admin-templates/monster-admin/assets/plugins/session-timeout/jquery.sessionTimeout.min.js]
[wrappixel.com/demos/admin-templates/monster-admin/assets/plugins/session-timeout/session-timeout-init.js]
[wrappixel.com/demos/admin-templates/monster-admin/main/ui-session-timeout.html]
[wrappixel.com/demos/admin-templates/monster-admin/assets/plugins/session-timeout/idle/jquery.idletimeout.js]
[wrappixel.com/demos/admin-templates/monster-admin/assets/plugins/session-timeout/idle/jquery.idletimer.js]
[wrappixel.com/demos/admin-templates/monster-admin/assets/plugins/session-timeout/idle/session-timeout-idle-init.js]
[wrappixel.com/demos/admin-templates/monster-admin/main/ui-session-ideal-timeout.html]
[wrappixel.com/demos/admin-templates/monster-admin/main/ui-bootstrap.html]
[wrappixel.com/demos/admin-templates/monster-admin/main/ui-breadcrumb.html]
[wrappixel.com/demos/admin-templates/monster-admin/assets/plugins/bootstrap-switch/bootstrap-switch.min.js]
[wrappixel.com/demos/admin-templates/monster-admin/main/ui-bootstrap-switch.html]
[wrappixel.com/demos/admin-templates/monster-admin/main/ui-list-media.html]
[wrappixel.com/demos/admin-templates/monster-admin/main/ui-ribbons.html]
[wrappixel.com/demos/admin-templates/monster-admin/main/ui-grid.html]
[wrappixel.com/demos/admin-templates/monster-admin/main/ui-carousel.html]
[cdn.rawgit.com/google/code-prettify/master/loader/run_prettify2102.js]
[wrappixel.com/demos/admin-templates/monster-admin/assets/plugins/date-paginator/moment.min.js]
[wrappixel.com/demos/admin-templates/monster-admin/assets/plugins/bootstrap-datepicker/bootstrap-datepicker.min.js]
[wrappixel.com/demos/admin-templates/monster-admin/assets/plugins/date-paginator/bootstrap-datepaginator.min.js]
[wrappixel.com/demos/admin-templates/monster-admin/main/ui-date-paginator.html]
[wrappixel.com/demos/admin-templates/monster-admin/assets/plugins/jqueryui/jquery-ui.min.js]
[cdnjs.cloudflare.com/ajax/libs/jqueryui-touch-punch/0.2.3/jquery.ui.touch-punch.min.js]
[wrappixel.com/demos/admin-templates/monster-admin/assets/plugins/gridstack/lodash.js]
[wrappixel.com/demos/admin-templates/monster-admin/assets/plugins/gridstack/gridstack.js]
[wrappixel.com/demos/admin-templates/monster-admin/assets/plugins/gridstack/gridstack.jQueryUI.js]
[wrappixel.com/demos/admin-templates/monster-admin/main/ui-dragable-portlet.html]
[wrappixel.com/demos/admin-templates/monster-admin/main/ui-spinner.html]
[wrappixel.com/demos/admin-templates/monster-admin/main/ui-scrollspy.html]
[wrappixel.com/demos/admin-templates/monster-admin/main/ui-toasts.html]
[wrappixel.com/demos/admin-templates/monster-admin/main/js/jasny-bootstrap.js]
[wrappixel.com/demos/admin-templates/monster-admin/main/form-basic.html]
[wrappixel.com/demos/admin-templates/monster-admin/main/form-layout.html]
[wrappixel.com/demos/admin-templates/monster-admin/assets/plugins/switchery/dist/switchery.min.js]
[wrappixel.com/demos/admin-templates/monster-admin/assets/plugins/select2/dist/js/select2.full.min.js]
[wrappixel.com/demos/admin-templates/monster-admin/assets/plugins/bootstrap-select/bootstrap-select.min.js]
[wrappixel.com/demos/admin-templates/monster-admin/assets/plugins/bootstrap-tagsinput/dist/bootstrap-tagsinput.min.js]
[wrappixel.com/demos/admin-templates/monster-admin/assets/plugins/bootstrap-touchspin/dist/jquery.bootstrap-touchspin.js]
[wrappixel.com/demos/admin-templates/monster-admin/assets/plugins/dff/dff.js]
[wrappixel.com/demos/admin-templates/monster-admin/assets/plugins/multiselect/js/jquery.multi-select.js]
[wrappixel.com/demos/admin-templates/monster-admin/main/form-addons.html]
[wrappixel.com/demos/admin-templates/monster-admin/main/form-material.html]
[wrappixel.com/demos/admin-templates/monster-admin/main/form-float-input.html]
[wrappixel.com/demos/admin-templates/monster-admin/assets/plugins/clockpicker/dist/jquery-clockpicker.min.js]
[wrappixel.com/demos/admin-templates/monster-admin/assets/plugins/jquery-asColor/dist/jquery-asColor.js]
[wrappixel.com/demos/admin-templates/monster-admin/assets/plugins/jquery-asGradient/dist/jquery-asGradient.js]
[wrappixel.com/demos/admin-templates/monster-admin/assets/plugins/jquery-asColorPicker-master/dist/jquery-asColorPicker.min.js]
[wrappixel.com/demos/admin-templates/monster-admin/assets/plugins/timepicker/bootstrap-timepicker.min.js]
[wrappixel.com/demos/admin-templates/monster-admin/assets/plugins/daterangepicker/daterangepicker.js]
[wrappixel.com/demos/admin-templates/monster-admin/main/form-pickers.html]
[wrappixel.com/demos/admin-templates/monster-admin/assets/plugins/dropify/src/images/test-image-1.jpg]
[wrappixel.com/demos/admin-templates/monster-admin/assets/plugins/dropify/src/images/test-image-2.jpg]
[wrappixel.com/demos/admin-templates/monster-admin/assets/plugins/dropify/dist/js/dropify.min.js]
[wrappixel.com/demos/admin-templates/monster-admin/main/form-upload.html]
[wrappixel.com/demos/admin-templates/monster-admin/assets/plugins/inputmask/dist/min/jquery.inputmask.bundle.min.js]
[wrappixel.com/demos/admin-templates/monster-admin/main/js/mask.init.js]
[wrappixel.com/demos/admin-templates/monster-admin/main/form-mask.html]
[wrappixel.com/demos/admin-templates/monster-admin/main/js/validation.js]
[wrappixel.com/demos/admin-templates/monster-admin/main/form-validation.html]
[wrappixel.com/demos/admin-templates/monster-admin/main/form-bootstrap-validation.html]
[wrappixel.com/demos/admin-templates/monster-admin/main/form-dropzone.html]
[wrappixel.com/demos/admin-templates/monster-admin/assets/plugins/icheck/icheck.min.js]
[wrappixel.com/demos/admin-templates/monster-admin/assets/plugins/icheck/icheck.init.js]
[wrappixel.com/demos/admin-templates/monster-admin/main/form-icheck.html]
[wrappixel.com/demos/admin-templates/monster-admin/main/cropped.jpg]
[wrappixel.com/demos/admin-templates/monster-admin/assets/plugins/cropper/cropper.min.js]
[wrappixel.com/demos/admin-templates/monster-admin/assets/plugins/cropper/cropper-init.js]
[wrappixel.com/demos/admin-templates/monster-admin/main/form-img-cropper.html]
[wrappixel.com/demos/admin-templates/monster-admin/main/form-bootstrapwysihtml5.html]
[wrappixel.com/demos/admin-templates/monster-admin/assets/plugins/typeahead.js-master/dist/typeahead.bundle.min.js]
[wrappixel.com/demos/admin-templates/monster-admin/assets/plugins/typeahead.js-master/typeahead.init.js]
[wrappixel.com/demos/admin-templates/monster-admin/main/form-typehead.html]
[wrappixel.com/demos/admin-templates/monster-admin/assets/plugins/wizard/jquery.steps.min.js]
[wrappixel.com/demos/admin-templates/monster-admin/assets/plugins/wizard/jquery.validate.min.js]
[wrappixel.com/demos/admin-templates/monster-admin/assets/plugins/wizard/steps.js]
[wrappixel.com/demos/admin-templates/monster-admin/main/form-wizard.html]
[wrappixel.com/demos/admin-templates/monster-admin/assets/plugins/x-editable/dist/bootstrap3-editable/js/bootstrap-editable.js]
[wrappixel.com/demos/admin-templates/monster-admin/main/form-xeditable.html]
[wrappixel.com/demos/admin-templates/monster-admin/assets/plugins/summernote/dist/summernote-bs4.min.js]
[wrappixel.com/demos/admin-templates/monster-admin/main/form-summernote.html]
[wrappixel.com/demos/admin-templates/monster-admin/assets/plugins/tinymce/tinymce.min.js]
[wrappixel.com/demos/admin-templates/monster-admin/main/form-tinymce.html]
[wrappixel.com/demos/admin-templates/monster-admin/assets/plugins/peity/jquery.peity.min.js]
[wrappixel.com/demos/admin-templates/monster-admin/assets/plugins/peity/jquery.peity.init.js]
[wrappixel.com/demos/admin-templates/monster-admin/main/table-basic.html]
[wrappixel.com/demos/admin-templates/monster-admin/main/table-layout.html]
[wrappixel.com/demos/admin-templates/monster-admin/assets/plugins/datatables/datatables.min.js]
[cdn.datatables.net/buttons/1.2.2/js/dataTables.buttons.min.js]
[cdn.datatables.net/buttons/1.2.2/js/buttons.flash.min.js]
[cdnjs.cloudflare.com/ajax/libs/jszip/2.5.0/jszip.min.js]
[cdn.rawgit.com/bpampuch/pdfmake/0.1.18/build/pdfmake.min.js]
[cdn.datatables.net/buttons/1.2.2/js/buttons.html5.min.js]
[wrappixel.com/demos/admin-templates/monster-admin/main/table-data-table.html]
[cdn.datatables.net/buttons/1.2.2/js/buttons.print.min.js]
[cdn.rawgit.com/bpampuch/pdfmake/0.1.18/build/vfs_fonts.js]
[wrappixel.com/demos/admin-templates/monster-admin/main/table-footable.html]
[wrappixel.com/demos/admin-templates/monster-admin/assets/plugins/jsgrid/db.js]
[wrappixel.com/demos/admin-templates/monster-admin/assets/plugins/jsgrid/jsgrid.min.js]
[wrappixel.com/demos/admin-templates/monster-admin/main/js/jsgrid-init.js]
[wrappixel.com/demos/admin-templates/monster-admin/main/table-jsgrid.html]
[wrappixel.com/demos/admin-templates/monster-admin/assets/plugins/tablesaw-master/dist/tablesaw.jquery.js]
[wrappixel.com/demos/admin-templates/monster-admin/assets/plugins/tablesaw-master/dist/tablesaw-init.js]
[wrappixel.com/demos/admin-templates/monster-admin/main/table-responsive.html]
[wrappixel.com/demos/admin-templates/monster-admin/assets/plugins/bootstrap-table/dist/bootstrap-table.min.js]
[wrappixel.com/demos/admin-templates/monster-admin/assets/plugins/bootstrap-table/dist/bootstrap-table.ints.js]
[wrappixel.com/demos/admin-templates/monster-admin/main/table-bootstrap.html]
[wrappixel.com/demos/admin-templates/monster-admin/assets/plugins/jquery-datatables-editable/jquery.dataTables.js]
[wrappixel.com/demos/admin-templates/monster-admin/assets/plugins/tiny-editable/mindmup-editabletable.js]
[wrappixel.com/demos/admin-templates/monster-admin/assets/plugins/tiny-editable/numeric-input-example.js]
[wrappixel.com/demos/admin-templates/monster-admin/main/table-editable-table.html]
[wrappixel.com/demos/admin-templates/monster-admin/main/widget-apps.html]
[wrappixel.com/demos/admin-templates/monster-admin/assets/plugins/gauge/gauge.min.js]
[wrappixel.com/demos/admin-templates/monster-admin/main/js/widget-data.js]
[wrappixel.com/demos/admin-templates/monster-admin/main/widget-data.html]
[wrappixel.com/demos/admin-templates/monster-admin/main/js/widget-charts.js]
[wrappixel.com/demos/admin-templates/monster-admin/main/widget-charts.html]
[wrappixel.com/demos/admin-templates/monster-admin/main/layout-single-column.html]
[wrappixel.com/demos/admin-templates/monster-admin/main/layout-fix-header.html]
[wrappixel.com/demos/admin-templates/monster-admin/main/layout-fix-sidebar.html]
[wrappixel.com/demos/admin-templates/monster-admin/main/layout-fix-header-sidebar.html]
[wrappixel.com/demos/admin-templates/monster-admin/main/layout-boxed.html]
[wrappixel.com/demos/admin-templates/monster-admin/main/layout-logo-center.html]
[wrappixel.com/demos/admin-templates/monster-admin/main/starter-kit.html]
[wrappixel.com/demos/admin-templates/monster-admin/main/pages-blank.html]
[wrappixel.com/demos/admin-templates/monster-admin/main/pages-login.html]
[wrappixel.com/demos/admin-templates/monster-admin/main/register2.154.delayed]
[wrappixel.com/demos/admin-templates/monster-admin/main/pages-login-2.html]
[wrappixel.com/demos/admin-templates/monster-admin/main/pages-register.html]
[wrappixel.com/demos/admin-templates/monster-admin/main/login2.155.delayed]
[wrappixel.com/demos/admin-templates/monster-admin/main/pages-register2.html]
[wrappixel.com/demos/admin-templates/monster-admin/main/pages-lockscreen.html]
[wrappixel.com/demos/admin-templates/monster-admin/main/pages-recover-password.html]
[wrappixel.com/demos/admin-templates/monster-admin/main/pages-profile.html]
[wrappixel.com/demos/admin-templates/monster-admin/main/pages-animation.html]
[wrappixel.com/demos/admin-templates/monster-admin/main/pages-fix-innersidebar.html]
[wrappixel.com/demos/admin-templates/monster-admin/main/pages-fix-inner-right-sidebar.html]
[wrappixel.com/demos/admin-templates/monster-admin/main/js/jquery.PrintArea.js]
[wrappixel.com/demos/admin-templates/monster-admin/main/pages-invoice.html]
[wrappixel.com/demos/admin-templates/monster-admin/assets/plugins/bootstrap-treeview-master/dist/bootstrap-treeview.min.js]
[wrappixel.com/demos/admin-templates/monster-admin/assets/plugins/bootstrap-treeview-master/dist/bootstrap-treeview-init.js]
[wrappixel.com/demos/admin-templates/monster-admin/main/pages-treeview.html]
[wrappixel.com/demos/admin-templates/monster-admin/main/pages-utility-classes.html]
[wrappixel.com/demos/admin-templates/monster-admin/main/pages-search-result.html]
[wrappixel.com/demos/admin-templates/monster-admin/main/pages-scroll.html]
[wrappixel.com/demos/admin-templates/monster-admin/main/pages-pricing.html]
[wrappixel.com/demos/admin-templates/monster-admin/main/www.youtube.com/watch.1597d1c.delayed]
[wrappixel.com/demos/admin-templates/monster-admin/main/pages-lightbox-popup.html]
[wrappixel.com/demos/admin-templates/monster-admin/main/pages-gallery.html]
[wrappixel.com/demos/admin-templates/monster-admin/main/pages-faq.html]
[wrappixel.com/demos/admin-templates/monster-admin/main/pages-error-400.html]
[wrappixel.com/demos/admin-templates/monster-admin/main/pages-error-403.html]
[wrappixel.com/demos/admin-templates/monster-admin/main/pages-error-404.html]
[wrappixel.com/demos/admin-templates/monster-admin/main/pages-error-500.html]
[wrappixel.com/demos/admin-templates/monster-admin/main/pages-error-503.html]
[wrappixel.com/demos/admin-templates/monster-admin/assets/plugins/raphael/raphael-min.js]
[wrappixel.com/demos/admin-templates/monster-admin/assets/plugins/morrisjs/morris.js]
[wrappixel.com/demos/admin-templates/monster-admin/main/js/morris-data.js]
[wrappixel.com/demos/admin-templates/monster-admin/main/chart-morris.html]
[wrappixel.com/demos/admin-templates/monster-admin/assets/plugins/chartist-js/dist/chartist-init.js]
[wrappixel.com/demos/admin-templates/monster-admin/main/chart-chartist.html]
[wrappixel.com/demos/admin-templates/monster-admin/assets/plugins/echarts/echarts-init.js]
[wrappixel.com/demos/admin-templates/monster-admin/main/chart-echart.html]
[wrappixel.com/demos/admin-templates/monster-admin/assets/plugins/flot/jquery.flot.pie.js]
[wrappixel.com/demos/admin-templates/monster-admin/assets/plugins/flot/jquery.flot.stack.js]
[wrappixel.com/demos/admin-templates/monster-admin/assets/plugins/flot/jquery.flot.crosshair.js]
[wrappixel.com/demos/admin-templates/monster-admin/main/js/flot-data.js]
[wrappixel.com/demos/admin-templates/monster-admin/main/chart-flot.html]
[wrappixel.com/demos/admin-templates/monster-admin/assets/plugins/knob/jquery.knob.js]
[wrappixel.com/demos/admin-templates/monster-admin/main/chart-knob.html]
[wrappixel.com/demos/admin-templates/monster-admin/assets/plugins/Chart.js/chartjs.init.js]
[wrappixel.com/demos/admin-templates/monster-admin/main/chart-chart-js.html]
[wrappixel.com/demos/admin-templates/monster-admin/assets/plugins/sparkline/jquery.charts-sparkline.js]
[wrappixel.com/demos/admin-templates/monster-admin/main/chart-sparkline.html]
[wrappixel.com/demos/admin-templates/monster-admin/assets/plugins/jquery.easy-pie-chart/dist/jquery.easypiechart.min.js]
[wrappixel.com/demos/admin-templates/monster-admin/assets/plugins/jquery.easy-pie-chart/easy-pie-chart.init.js]
[wrappixel.com/demos/admin-templates/monster-admin/main/chart-extra-chart.html]
[wrappixel.com/demos/admin-templates/monster-admin/main/chart-peity.html]
[wrappixel.com/demos/admin-templates/monster-admin/main/icon-material.html]
[wrappixel.com/demos/admin-templates/monster-admin/main/icon-fontawesome.html]
[wrappixel.com/demos/admin-templates/monster-admin/main/icon-themify.html]
[wrappixel.com/demos/admin-templates/monster-admin/main/icon-linea.html]
[wrappixel.com/demos/admin-templates/monster-admin/main/icon-weather.html]
[wrappixel.com/demos/admin-templates/monster-admin/main/icon-simple-lineicon.html]
[wrappixel.com/demos/admin-templates/monster-admin/main/icon-flag.html]
[wrappixel.com/demos/admin-templates/monster-admin/assets/plugins/gmaps/gmaps.min.js]
[wrappixel.com/demos/admin-templates/monster-admin/assets/plugins/gmaps/jquery.gmaps.js]
[wrappixel.com/demos/admin-templates/monster-admin/main/map-google.html]
[wrappixel.com/demos/admin-templates/monster-admin/assets/plugins/vectormap/jquery-jvectormap-in-mill.js]
[wrappixel.com/demos/admin-templates/monster-admin/assets/plugins/vectormap/jquery-jvectormap-us-aea-en.js]
[wrappixel.com/demos/admin-templates/monster-admin/assets/plugins/vectormap/jquery-jvectormap-uk-mill-en.js]
[wrappixel.com/demos/admin-templates/monster-admin/assets/plugins/vectormap/jquery-jvectormap-au-mill.js]
[wrappixel.com/demos/admin-templates/monster-admin/assets/plugins/vectormap/jvectormap.custom.js]
[wrappixel.com/demos/admin-templates/monster-admin/main/map-vector.html]
[wrappixel.com/demos/admin-templates/monster-admin/main/scss/icons/font-awesome/webfonts/fa-brands-400.eot]
[wrappixel.com/demos/admin-templates/monster-admin/main/scss/icons/font-awesome/webfonts/fa-brands-400d41d.eot]
[wrappixel.com/demos/admin-templates/monster-admin/main/scss/icons/font-awesome/webfonts/fa-brands-400.woff2]
[wrappixel.com/demos/admin-templates/monster-admin/main/scss/icons/font-awesome/webfonts/fa-brands-400.woff]
[wrappixel.com/demos/admin-templates/monster-admin/main/scss/icons/font-awesome/webfonts/fa-brands-400.ttf]
[wrappixel.com/demos/admin-templates/monster-admin/main/scss/icons/font-awesome/webfonts/fa-regular-400.eot]
[wrappixel.com/demos/admin-templates/monster-admin/main/scss/icons/font-awesome/webfonts/fa-regular-400d41d.eot]
[wrappixel.com/demos/admin-templates/monster-admin/main/scss/icons/font-awesome/webfonts/fa-regular-400.woff2]
[wrappixel.com/demos/admin-templates/monster-admin/main/scss/icons/font-awesome/webfonts/fa-regular-400.woff]
[wrappixel.com/demos/admin-templates/monster-admin/main/scss/icons/font-awesome/webfonts/fa-regular-400.ttf]
[wrappixel.com/demos/admin-templates/monster-admin/main/scss/icons/font-awesome/webfonts/fa-solid-900.eot]
[wrappixel.com/demos/admin-templates/monster-admin/main/scss/icons/font-awesome/webfonts/fa-solid-900d41d.eot]
[wrappixel.com/demos/admin-templates/monster-admin/main/scss/icons/font-awesome/webfonts/fa-solid-900.woff2]
[wrappixel.com/demos/admin-templates/monster-admin/main/scss/icons/font-awesome/webfonts/fa-solid-900.woff]
[wrappixel.com/demos/admin-templates/monster-admin/main/scss/icons/font-awesome/webfonts/fa-solid-900.ttf]
[wrappixel.com/demos/admin-templates/monster-admin/main/scss/icons/font-awesome/css/fontawesome-all.css]
[wrappixel.com/demos/admin-templates/monster-admin/main/scss/icons/simple-line-icons/fonts/Simple-Line-Icons4c82.eot]
[wrappixel.com/demos/admin-templates/monster-admin/main/scss/icons/simple-line-icons/fonts/Simple-Line-Iconsd41d.eot]
[wrappixel.com/demos/admin-templates/monster-admin/main/scss/icons/simple-line-icons/fonts/Simple-Line-Icons4c82.ttf]
[wrappixel.com/demos/admin-templates/monster-admin/main/scss/icons/simple-line-icons/fonts/Simple-Line-Icons4c82.woff2]
[wrappixel.com/demos/admin-templates/monster-admin/main/scss/icons/simple-line-icons/fonts/Simple-Line-Icons4c82.woff]
[wrappixel.com/demos/admin-templates/monster-admin/main/scss/icons/simple-line-icons/css/simple-line-icons.css]
[wrappixel.com/demos/admin-templates/monster-admin/main/scss/icons/weather-icons/fonts/weathericons-regular-webfont.eot]
[wrappixel.com/demos/admin-templates/monster-admin/main/scss/icons/weather-icons/css/weather-icons.min.css]
[wrappixel.com/demos/admin-templates/monster-admin/main/scss/icons/linea-icons/fonts/linea-arrows-10.eot]
[wrappixel.com/demos/admin-templates/monster-admin/main/scss/icons/linea-icons/fonts/linea-arrows-10d41d.eot]
[wrappixel.com/demos/admin-templates/monster-admin/main/scss/icons/linea-icons/fonts/linea-arrows-10.woff]
[wrappixel.com/demos/admin-templates/monster-admin/main/scss/icons/linea-icons/fonts/linea-arrows-10.ttf]
[wrappixel.com/demos/admin-templates/monster-admin/main/scss/icons/linea-icons/fonts/linea-basic-10.eot]
[wrappixel.com/demos/admin-templates/monster-admin/main/scss/icons/linea-icons/fonts/linea-basic-10d41d.eot]
[wrappixel.com/demos/admin-templates/monster-admin/main/scss/icons/linea-icons/fonts/linea-basic-10.woff]
[wrappixel.com/demos/admin-templates/monster-admin/main/scss/icons/linea-icons/fonts/linea-basic-10.ttf]
[wrappixel.com/demos/admin-templates/monster-admin/main/scss/icons/linea-icons/fonts/linea-basic-elaboration-10.eot]
[wrappixel.com/demos/admin-templates/monster-admin/main/scss/icons/linea-icons/fonts/linea-basic-elaboration-10d41d.eot]
[wrappixel.com/demos/admin-templates/monster-admin/main/scss/icons/linea-icons/fonts/linea-basic-elaboration-10.woff]
[wrappixel.com/demos/admin-templates/monster-admin/main/scss/icons/linea-icons/fonts/linea-basic-elaboration-10.ttf]
[wrappixel.com/demos/admin-templates/monster-admin/main/scss/icons/linea-icons/fonts/linea-ecommerce-10.eot]
[wrappixel.com/demos/admin-templates/monster-admin/main/scss/icons/linea-icons/fonts/linea-ecommerce-10d41d.eot]
[wrappixel.com/demos/admin-templates/monster-admin/main/scss/icons/linea-icons/fonts/linea-ecommerce-10.woff]
[wrappixel.com/demos/admin-templates/monster-admin/main/scss/icons/linea-icons/fonts/linea-ecommerce-10.ttf]
[wrappixel.com/demos/admin-templates/monster-admin/main/scss/icons/linea-icons/fonts/linea-music-10.eot]
[wrappixel.com/demos/admin-templates/monster-admin/main/scss/icons/linea-icons/fonts/linea-music-10d41d.eot]
[wrappixel.com/demos/admin-templates/monster-admin/main/scss/icons/linea-icons/fonts/linea-music-10.woff]
[wrappixel.com/demos/admin-templates/monster-admin/main/scss/icons/linea-icons/fonts/linea-music-10.ttf]
[wrappixel.com/demos/admin-templates/monster-admin/main/scss/icons/linea-icons/fonts/linea-software-10.eot]
[wrappixel.com/demos/admin-templates/monster-admin/main/scss/icons/linea-icons/fonts/linea-software-10d41d.eot]
[wrappixel.com/demos/admin-templates/monster-admin/main/scss/icons/linea-icons/fonts/linea-software-10.woff]
[wrappixel.com/demos/admin-templates/monster-admin/main/scss/icons/linea-icons/fonts/linea-software-10.ttf]
[wrappixel.com/demos/admin-templates/monster-admin/main/scss/icons/linea-icons/fonts/linea-weather-10.eot]
[wrappixel.com/demos/admin-templates/monster-admin/main/scss/icons/linea-icons/fonts/linea-weather-10d41d.eot]
[wrappixel.com/demos/admin-templates/monster-admin/main/scss/icons/linea-icons/fonts/linea-weather-10.woff]
[wrappixel.com/demos/admin-templates/monster-admin/main/scss/icons/linea-icons/fonts/linea-weather-10.ttf]
[wrappixel.com/demos/admin-templates/monster-admin/main/scss/icons/linea-icons/linea.css]
[wrappixel.com/demos/admin-templates/monster-admin/main/scss/icons/themify-icons/fonts/themify9f24.eot]
[wrappixel.com/demos/admin-templates/monster-admin/main/scss/icons/themify-icons/fonts/themifyd41d.eot]
[wrappixel.com/demos/admin-templates/monster-admin/main/scss/icons/themify-icons/fonts/themify.woff]
[wrappixel.com/demos/admin-templates/monster-admin/main/scss/icons/themify-icons/fonts/themify.ttf]
[wrappixel.com/demos/admin-templates/monster-admin/main/scss/icons/themify-icons/themify-icons.css]
[wrappixel.com/demos/admin-templates/monster-admin/main/scss/icons/flag-icon-css/flag-icon.min.css]
[wrappixel.com/demos/admin-templates/monster-admin/main/scss/icons/material-design-iconic-font/fonts/materialdesignicons-webfontdc99.eot]
[wrappixel.com/demos/admin-templates/monster-admin/main/scss/icons/material-design-iconic-font/fonts/materialdesignicons-webfontd41d.eot]
[wrappixel.com/demos/admin-templates/monster-admin/main/scss/icons/material-design-iconic-font/fonts/materialdesignicons-webfontdc99.woff2]
[wrappixel.com/demos/admin-templates/monster-admin/main/scss/icons/material-design-iconic-font/fonts/materialdesignicons-webfontdc99.woff]
[wrappixel.com/demos/admin-templates/monster-admin/main/scss/icons/material-design-iconic-font/fonts/materialdesignicons-webfontdc99.ttf]
[wrappixel.com/demos/admin-templates/monster-admin/main/scss/icons/material-design-iconic-font/css/materialdesignicons.min.css]
[wrappixel.com/demos/admin-templates/monster-admin/main/css/spinners.css]
[wrappixel.com/demos/admin-templates/monster-admin/main/css/animate.css]
[wrappixel.com/demos/admin-templates/monster-admin/main/register.html]
[wrappixel.com/demos/admin-templates/monster-admin/assets/plugins/morrisjs/morris.css]
[wrappixel.com/demos/admin-templates/monster-admin/assets/plugins/vectormap/jquery-jvectormap-2.0.2.css]
[wrappixel.com/demos/admin-templates/monster-admin/assets/plugins/calendar/dist/fullcalendar.css]
[wrappixel.com/demos/admin-templates/monster-admin/assets/plugins/html5-editor/bootstrap-wysihtml5.css]
[wrappixel.com/demos/admin-templates/monster-admin/assets/plugins/dropzone-master/dist/dropzone.css]
[wrappixel.com/demos/admin-templates/monster-admin/assets/plugins/Magnific-Popup-master/dist/magnific-popup.css]
[wrappixel.com/demos/admin-templates/monster-admin/plugins/images/users/1.html]
[wrappixel.com/demos/admin-templates/monster-admin/assets/plugins/sweetalert/sweetalert.css]
[wrappixel.com/demos/admin-templates/monster-admin/assets/plugins/nestable/nestable.css]
[wrappixel.com/demos/admin-templates/monster-admin/assets/plugins/ion-rangeslider/css/ion.rangeSlider.css]
[wrappixel.com/demos/admin-templates/monster-admin/assets/plugins/ion-rangeslider/img/sprite-skin-modern.png]
[wrappixel.com/demos/admin-templates/monster-admin/assets/plugins/ion-rangeslider/css/ion.rangeSlider.skinModern.css]
[wrappixel.com/demos/admin-templates/monster-admin/assets/plugins/horizontal-timeline/css/horizontal-timeline.css]
[wrappixel.com/demos/admin-templates/monster-admin/assets/plugins/bootstrap-switch/bootstrap-switch.min.css]
[wrappixel.com/demos/admin-templates/monster-admin/assets/plugins/bootstrap-datepicker/bootstrap-datepicker.min.css]
[wrappixel.com/demos/admin-templates/monster-admin/assets/plugins/gridstack/gridstack.css]
[wrappixel.com/demos/admin-templates/monster-admin/assets/plugins/select2/dist/css/select2.min.css]
[wrappixel.com/demos/admin-templates/monster-admin/assets/plugins/switchery/dist/switchery.min.css]
[wrappixel.com/demos/admin-templates/monster-admin/assets/plugins/bootstrap-select/bootstrap-select.min.css]
[wrappixel.com/demos/admin-templates/monster-admin/assets/plugins/bootstrap-tagsinput/dist/bootstrap-tagsinput.css]
[wrappixel.com/demos/admin-templates/monster-admin/assets/plugins/bootstrap-touchspin/dist/jquery.bootstrap-touchspin.min.css]
[wrappixel.com/demos/admin-templates/monster-admin/assets/plugins/multiselect/img/switch.png]
[wrappixel.com/demos/admin-templates/monster-admin/assets/plugins/multiselect/css/multi-select.css]
[wrappixel.com/demos/admin-templates/monster-admin/assets/plugins/clockpicker/dist/jquery-clockpicker.min.css]
[wrappixel.com/demos/admin-templates/monster-admin/assets/plugins/jquery-asColorPicker-master/dist/images/transparent.png]
[wrappixel.com/demos/admin-templates/monster-admin/assets/plugins/jquery-asColorPicker-master/dist/images/saturation.png]
[wrappixel.com/demos/admin-templates/monster-admin/assets/plugins/jquery-asColorPicker-master/dist/images/hue.png]
[wrappixel.com/demos/admin-templates/monster-admin/assets/plugins/jquery-asColorPicker-master/dist/images/alpha.png]
[wrappixel.com/demos/admin-templates/monster-admin/assets/plugins/jquery-asColorPicker-master/dist/css/asColorPicker.css]
[wrappixel.com/demos/admin-templates/monster-admin/assets/plugins/timepicker/bootstrap-timepicker.min.css]
[wrappixel.com/demos/admin-templates/monster-admin/assets/plugins/daterangepicker/daterangepicker.css]
[wrappixel.com/demos/admin-templates/monster-admin/assets/plugins/dropify/dist/css/dropify.min.css]
[wrappixel.com/demos/admin-templates/monster-admin/assets/plugins/icheck/skins/all.css]
[wrappixel.com/demos/admin-templates/monster-admin/assets/plugins/cropper/cropper.min.css]
[wrappixel.com/demos/admin-templates/monster-admin/main/cropped.html]
[wrappixel.com/demos/admin-templates/monster-admin/assets/plugins/wizard/steps.css]
[wrappixel.com/demos/admin-templates/monster-admin/assets/plugins/x-editable/dist/bootstrap3-editable/img/loading.gif]
[wrappixel.com/demos/admin-templates/monster-admin/assets/plugins/x-editable/dist/bootstrap3-editable/img/clear.png]
[wrappixel.com/demos/admin-templates/monster-admin/assets/plugins/x-editable/dist/bootstrap3-editable/css/bootstrap-editable.css]
[wrappixel.com/demos/admin-templates/monster-admin/assets/plugins/summernote/dist/font/summernote9d3d.eot]
[wrappixel.com/demos/admin-templates/monster-admin/assets/plugins/summernote/dist/font/summernoted41d.eot]
[wrappixel.com/demos/admin-templates/monster-admin/assets/plugins/summernote/dist/font/summernote9d3d.woff]
[wrappixel.com/demos/admin-templates/monster-admin/assets/plugins/summernote/dist/font/summernote9d3d.ttf]
[wrappixel.com/demos/admin-templates/monster-admin/assets/plugins/summernote/dist/summernote-bs4.css]
[wrappixel.com/demos/admin-templates/monster-admin/assets/plugins/datatables/media/css/dataTables.bootstrap4.css]
[wrappixel.com/demos/admin-templates/monster-admin/assets/plugins/footable/css/footable.bootstrap.min.css]
[wrappixel.com/demos/admin-templates/monster-admin/assets/plugins/jsgrid/jsgrid.min.css]
[wrappixel.com/demos/admin-templates/monster-admin/assets/plugins/jsgrid/jsgrid-theme.min.css]
[wrappixel.com/demos/admin-templates/monster-admin/assets/plugins/tablesaw-master/dist/tablesaw.css]
[wrappixel.com/demos/admin-templates/monster-admin/assets/plugins/bootstrap-table/dist/bootstrap-table.min.css]
[wrappixel.com/demos/admin-templates/monster-admin/main/register2.html]
[wrappixel.com/demos/admin-templates/monster-admin/main/login2.html]
[wrappixel.com/demos/admin-templates/monster-admin/main/www.youtube.com/watch7d1c.html]
[wrappixel.com/demos/admin-templates/monster-admin/main/scss/icons/font-awesome/webfonts/fa-brands-400.svg]
[wrappixel.com/demos/admin-templates/monster-admin/main/scss/icons/font-awesome/webfonts/fa-regular-400.svg]
[wrappixel.com/demos/admin-templates/monster-admin/main/scss/icons/font-awesome/webfonts/fa-solid-900.svg]
[wrappixel.com/demos/admin-templates/monster-admin/main/scss/icons/simple-line-icons/fonts/Simple-Line-Icons4c82.svg]
[wrappixel.com/demos/admin-templates/monster-admin/main/scss/icons/linea-icons/fonts/linea-arrows-10.svg]
[wrappixel.com/demos/admin-templates/monster-admin/main/scss/icons/linea-icons/fonts/linea-basic-10.svg]
[wrappixel.com/demos/admin-templates/monster-admin/main/scss/icons/linea-icons/fonts/linea-basic-elaboration-10.svg]
[wrappixel.com/demos/admin-templates/monster-admin/main/scss/icons/linea-icons/fonts/linea-ecommerce-10.svg]
[wrappixel.com/demos/admin-templates/monster-admin/main/scss/icons/linea-icons/fonts/linea-music-10.svg]
[wrappixel.com/demos/admin-templates/monster-admin/main/scss/icons/linea-icons/fonts/linea-software-10.svg]
[wrappixel.com/demos/admin-templates/monster-admin/main/scss/icons/linea-icons/fonts/linea-weather-10.svg]
[wrappixel.com/demos/admin-templates/monster-admin/main/scss/icons/themify-icons/fonts/themify9f24.svg]
[wrappixel.com/demos/admin-templates/monster-admin/main/scss/icons/flag-icon-css/flags/ad.svg]
[wrappixel.com/demos/admin-templates/monster-admin/main/scss/icons/flag-icon-css/flags/ae.svg]
[wrappixel.com/demos/admin-templates/monster-admin/main/scss/icons/flag-icon-css/flags/af.svg]
[wrappixel.com/demos/admin-templates/monster-admin/main/scss/icons/flag-icon-css/flags/ag.svg]
[wrappixel.com/demos/admin-templates/monster-admin/main/scss/icons/flag-icon-css/flags/ai.svg]
[wrappixel.com/demos/admin-templates/monster-admin/main/scss/icons/flag-icon-css/flags/al.svg]
[wrappixel.com/demos/admin-templates/monster-admin/main/scss/icons/flag-icon-css/flags/am.svg]
[wrappixel.com/demos/admin-templates/monster-admin/main/scss/icons/flag-icon-css/flags/ao.svg]
[wrappixel.com/demos/admin-templates/monster-admin/main/scss/icons/flag-icon-css/flags/aq.svg]
[wrappixel.com/demos/admin-templates/monster-admin/main/scss/icons/flag-icon-css/flags/ar.svg]
[wrappixel.com/demos/admin-templates/monster-admin/main/scss/icons/flag-icon-css/flags/as.svg]
[wrappixel.com/demos/admin-templates/monster-admin/main/scss/icons/flag-icon-css/flags/at.svg]
[wrappixel.com/demos/admin-templates/monster-admin/main/scss/icons/flag-icon-css/flags/au.svg]
[wrappixel.com/demos/admin-templates/monster-admin/main/scss/icons/flag-icon-css/flags/aw.svg]
[wrappixel.com/demos/admin-templates/monster-admin/main/scss/icons/flag-icon-css/flags/ax.svg]
[wrappixel.com/demos/admin-templates/monster-admin/main/scss/icons/flag-icon-css/flags/az.svg]
[wrappixel.com/demos/admin-templates/monster-admin/main/scss/icons/flag-icon-css/flags/ba.svg]
[wrappixel.com/demos/admin-templates/monster-admin/main/scss/icons/flag-icon-css/flags/bb.svg]
[wrappixel.com/demos/admin-templates/monster-admin/main/scss/icons/flag-icon-css/flags/bd.svg]
[wrappixel.com/demos/admin-templates/monster-admin/main/scss/icons/flag-icon-css/flags/be.svg]
[wrappixel.com/demos/admin-templates/monster-admin/main/scss/icons/flag-icon-css/flags/bf.svg]
[wrappixel.com/demos/admin-templates/monster-admin/main/scss/icons/flag-icon-css/flags/bg.svg]
[wrappixel.com/demos/admin-templates/monster-admin/main/scss/icons/flag-icon-css/flags/bh.svg]
[wrappixel.com/demos/admin-templates/monster-admin/main/scss/icons/flag-icon-css/flags/bi.svg]
[wrappixel.com/demos/admin-templates/monster-admin/main/scss/icons/flag-icon-css/flags/bj.svg]
[wrappixel.com/demos/admin-templates/monster-admin/main/scss/icons/flag-icon-css/flags/bl.svg]
[wrappixel.com/demos/admin-templates/monster-admin/main/scss/icons/flag-icon-css/flags/bm.svg]
[wrappixel.com/demos/admin-templates/monster-admin/main/scss/icons/flag-icon-css/flags/bn.svg]
[wrappixel.com/demos/admin-templates/monster-admin/main/scss/icons/flag-icon-css/flags/bo.svg]
[wrappixel.com/demos/admin-templates/monster-admin/main/scss/icons/flag-icon-css/flags/bq.svg]
[wrappixel.com/demos/admin-templates/monster-admin/main/scss/icons/flag-icon-css/flags/br.svg]
[wrappixel.com/demos/admin-templates/monster-admin/main/scss/icons/flag-icon-css/flags/bs.svg]
[wrappixel.com/demos/admin-templates/monster-admin/main/scss/icons/flag-icon-css/flags/bt.svg]
[wrappixel.com/demos/admin-templates/monster-admin/main/scss/icons/flag-icon-css/flags/bv.svg]
[wrappixel.com/demos/admin-templates/monster-admin/main/scss/icons/flag-icon-css/flags/bw.svg]
[wrappixel.com/demos/admin-templates/monster-admin/main/scss/icons/flag-icon-css/flags/by.svg]
[wrappixel.com/demos/admin-templates/monster-admin/main/scss/icons/flag-icon-css/flags/bz.svg]
[wrappixel.com/demos/admin-templates/monster-admin/main/scss/icons/flag-icon-css/flags/ca.svg]
[wrappixel.com/demos/admin-templates/monster-admin/main/scss/icons/flag-icon-css/flags/cc.svg]
[wrappixel.com/demos/admin-templates/monster-admin/main/scss/icons/flag-icon-css/flags/cd.svg]
[wrappixel.com/demos/admin-templates/monster-admin/main/scss/icons/flag-icon-css/flags/cf.svg]
[wrappixel.com/demos/admin-templates/monster-admin/main/scss/icons/flag-icon-css/flags/cg.svg]
[wrappixel.com/demos/admin-templates/monster-admin/main/scss/icons/flag-icon-css/flags/ch.svg]
[wrappixel.com/demos/admin-templates/monster-admin/main/scss/icons/flag-icon-css/flags/ci.svg]
[wrappixel.com/demos/admin-templates/monster-admin/main/scss/icons/flag-icon-css/flags/ck.svg]
[wrappixel.com/demos/admin-templates/monster-admin/main/scss/icons/flag-icon-css/flags/cl.svg]
[wrappixel.com/demos/admin-templates/monster-admin/main/scss/icons/flag-icon-css/flags/cm.svg]
[wrappixel.com/demos/admin-templates/monster-admin/main/scss/icons/flag-icon-css/flags/cn.svg]
[wrappixel.com/demos/admin-templates/monster-admin/main/scss/icons/flag-icon-css/flags/co.svg]
[wrappixel.com/demos/admin-templates/monster-admin/main/scss/icons/flag-icon-css/flags/cr.svg]
[wrappixel.com/demos/admin-templates/monster-admin/main/scss/icons/flag-icon-css/flags/cu.svg]
[wrappixel.com/demos/admin-templates/monster-admin/main/scss/icons/flag-icon-css/flags/cv.svg]
[wrappixel.com/demos/admin-templates/monster-admin/main/scss/icons/flag-icon-css/flags/cw.svg]
[wrappixel.com/demos/admin-templates/monster-admin/main/scss/icons/flag-icon-css/flags/cx.svg]
[wrappixel.com/demos/admin-templates/monster-admin/main/scss/icons/flag-icon-css/flags/cy.svg]
[wrappixel.com/demos/admin-templates/monster-admin/main/scss/icons/flag-icon-css/flags/cz.svg]
[wrappixel.com/demos/admin-templates/monster-admin/main/scss/icons/flag-icon-css/flags/de.svg]
[wrappixel.com/demos/admin-templates/monster-admin/main/scss/icons/flag-icon-css/flags/dj.svg]
[wrappixel.com/demos/admin-templates/monster-admin/main/scss/icons/flag-icon-css/flags/dk.svg]
[wrappixel.com/demos/admin-templates/monster-admin/main/scss/icons/flag-icon-css/flags/dm.svg]
[wrappixel.com/demos/admin-templates/monster-admin/main/scss/icons/flag-icon-css/flags/do.svg]
[wrappixel.com/demos/admin-templates/monster-admin/main/scss/icons/flag-icon-css/flags/dz.svg]
[wrappixel.com/demos/admin-templates/monster-admin/main/scss/icons/flag-icon-css/flags/ec.svg]
[wrappixel.com/demos/admin-templates/monster-admin/main/scss/icons/flag-icon-css/flags/ee.svg]
[wrappixel.com/demos/admin-templates/monster-admin/main/scss/icons/flag-icon-css/flags/eg.svg]
[wrappixel.com/demos/admin-templates/monster-admin/main/scss/icons/flag-icon-css/flags/eh.svg]
[wrappixel.com/demos/admin-templates/monster-admin/main/scss/icons/flag-icon-css/flags/er.svg]
[wrappixel.com/demos/admin-templates/monster-admin/main/scss/icons/flag-icon-css/flags/es.svg]
[wrappixel.com/demos/admin-templates/monster-admin/main/scss/icons/flag-icon-css/flags/et.svg]
[wrappixel.com/demos/admin-templates/monster-admin/main/scss/icons/flag-icon-css/flags/fi.svg]
[wrappixel.com/demos/admin-templates/monster-admin/main/scss/icons/flag-icon-css/flags/fj.svg]
[wrappixel.com/demos/admin-templates/monster-admin/main/scss/icons/flag-icon-css/flags/fk.svg]
[wrappixel.com/demos/admin-templates/monster-admin/main/scss/icons/flag-icon-css/flags/fm.svg]
[wrappixel.com/demos/admin-templates/monster-admin/main/scss/icons/flag-icon-css/flags/fo.svg]
[wrappixel.com/demos/admin-templates/monster-admin/main/scss/icons/flag-icon-css/flags/fr.svg]
[wrappixel.com/demos/admin-templates/monster-admin/main/scss/icons/flag-icon-css/flags/ga.svg]
[wrappixel.com/demos/admin-templates/monster-admin/main/scss/icons/flag-icon-css/flags/gb.svg]
[wrappixel.com/demos/admin-templates/monster-admin/main/scss/icons/flag-icon-css/flags/gd.svg]
[wrappixel.com/demos/admin-templates/monster-admin/main/scss/icons/flag-icon-css/flags/ge.svg]
[wrappixel.com/demos/admin-templates/monster-admin/main/scss/icons/flag-icon-css/flags/gf.svg]
[wrappixel.com/demos/admin-templates/monster-admin/main/scss/icons/flag-icon-css/flags/gg.svg]
[wrappixel.com/demos/admin-templates/monster-admin/main/scss/icons/flag-icon-css/flags/gh.svg]
[wrappixel.com/demos/admin-templates/monster-admin/main/scss/icons/flag-icon-css/flags/gi.svg]
[wrappixel.com/demos/admin-templates/monster-admin/main/scss/icons/flag-icon-css/flags/gl.svg]
[wrappixel.com/demos/admin-templates/monster-admin/main/scss/icons/flag-icon-css/flags/gm.svg]
[wrappixel.com/demos/admin-templates/monster-admin/main/scss/icons/flag-icon-css/flags/gn.svg]
[wrappixel.com/demos/admin-templates/monster-admin/main/scss/icons/flag-icon-css/flags/gp.svg]
[wrappixel.com/demos/admin-templates/monster-admin/main/scss/icons/flag-icon-css/flags/gq.svg]
[wrappixel.com/demos/admin-templates/monster-admin/main/scss/icons/flag-icon-css/flags/gr.svg]
[wrappixel.com/demos/admin-templates/monster-admin/main/scss/icons/flag-icon-css/flags/gs.svg]
[wrappixel.com/demos/admin-templates/monster-admin/main/scss/icons/flag-icon-css/flags/gt.svg]
[wrappixel.com/demos/admin-templates/monster-admin/main/scss/icons/flag-icon-css/flags/gu.svg]
[wrappixel.com/demos/admin-templates/monster-admin/main/scss/icons/flag-icon-css/flags/gw.svg]
[wrappixel.com/demos/admin-templates/monster-admin/main/scss/icons/flag-icon-css/flags/gy.svg]
[wrappixel.com/demos/admin-templates/monster-admin/main/scss/icons/flag-icon-css/flags/hk.svg]
[wrappixel.com/demos/admin-templates/monster-admin/main/scss/icons/flag-icon-css/flags/hm.svg]
[wrappixel.com/demos/admin-templates/monster-admin/main/scss/icons/flag-icon-css/flags/hn.svg]
[wrappixel.com/demos/admin-templates/monster-admin/main/scss/icons/flag-icon-css/flags/hr.svg]
[wrappixel.com/demos/admin-templates/monster-admin/main/scss/icons/flag-icon-css/flags/ht.svg]
[wrappixel.com/demos/admin-templates/monster-admin/main/scss/icons/flag-icon-css/flags/hu.svg]
[wrappixel.com/demos/admin-templates/monster-admin/main/scss/icons/flag-icon-css/flags/id.svg]
[wrappixel.com/demos/admin-templates/monster-admin/main/scss/icons/flag-icon-css/flags/ie.svg]
[wrappixel.com/demos/admin-templates/monster-admin/main/scss/icons/flag-icon-css/flags/il.svg]
[wrappixel.com/demos/admin-templates/monster-admin/main/scss/icons/flag-icon-css/flags/im.svg]
[wrappixel.com/demos/admin-templates/monster-admin/main/scss/icons/flag-icon-css/flags/in.svg]
[wrappixel.com/demos/admin-templates/monster-admin/main/scss/icons/flag-icon-css/flags/io.svg]
[wrappixel.com/demos/admin-templates/monster-admin/main/scss/icons/flag-icon-css/flags/iq.svg]
[wrappixel.com/demos/admin-templates/monster-admin/main/scss/icons/flag-icon-css/flags/ir.svg]
[wrappixel.com/demos/admin-templates/monster-admin/main/scss/icons/flag-icon-css/flags/is.svg]
[wrappixel.com/demos/admin-templates/monster-admin/main/scss/icons/flag-icon-css/flags/it.svg]
[wrappixel.com/demos/admin-templates/monster-admin/main/scss/icons/flag-icon-css/flags/je.svg]
[wrappixel.com/demos/admin-templates/monster-admin/main/scss/icons/flag-icon-css/flags/jm.svg]
[wrappixel.com/demos/admin-templates/monster-admin/main/scss/icons/flag-icon-css/flags/jo.svg]
[wrappixel.com/demos/admin-templates/monster-admin/main/scss/icons/flag-icon-css/flags/jp.svg]
[wrappixel.com/demos/admin-templates/monster-admin/main/scss/icons/flag-icon-css/flags/ke.svg]
[wrappixel.com/demos/admin-templates/monster-admin/main/scss/icons/flag-icon-css/flags/kg.svg]
[wrappixel.com/demos/admin-templates/monster-admin/main/scss/icons/flag-icon-css/flags/kh.svg]
[wrappixel.com/demos/admin-templates/monster-admin/main/scss/icons/flag-icon-css/flags/ki.svg]
[wrappixel.com/demos/admin-templates/monster-admin/main/scss/icons/flag-icon-css/flags/km.svg]
[wrappixel.com/demos/admin-templates/monster-admin/main/scss/icons/flag-icon-css/flags/kn.svg]
[wrappixel.com/demos/admin-templates/monster-admin/main/scss/icons/flag-icon-css/flags/kp.svg]
[wrappixel.com/demos/admin-templates/monster-admin/main/scss/icons/flag-icon-css/flags/kr.svg]
[wrappixel.com/demos/admin-templates/monster-admin/main/scss/icons/flag-icon-css/flags/kw.svg]
[wrappixel.com/demos/admin-templates/monster-admin/main/scss/icons/flag-icon-css/flags/ky.svg]
[wrappixel.com/demos/admin-templates/monster-admin/main/scss/icons/flag-icon-css/flags/kz.svg]
[wrappixel.com/demos/admin-templates/monster-admin/main/scss/icons/flag-icon-css/flags/la.svg]
[wrappixel.com/demos/admin-templates/monster-admin/main/scss/icons/flag-icon-css/flags/lb.svg]
[wrappixel.com/demos/admin-templates/monster-admin/main/scss/icons/flag-icon-css/flags/lc.svg]
[wrappixel.com/demos/admin-templates/monster-admin/main/scss/icons/flag-icon-css/flags/li.svg]
[wrappixel.com/demos/admin-templates/monster-admin/main/scss/icons/flag-icon-css/flags/lk.svg]
[wrappixel.com/demos/admin-templates/monster-admin/main/scss/icons/flag-icon-css/flags/lr.svg]
[wrappixel.com/demos/admin-templates/monster-admin/main/scss/icons/flag-icon-css/flags/ls.svg]
[wrappixel.com/demos/admin-templates/monster-admin/main/scss/icons/flag-icon-css/flags/lt.svg]
[wrappixel.com/demos/admin-templates/monster-admin/main/scss/icons/flag-icon-css/flags/lu.svg]
[wrappixel.com/demos/admin-templates/monster-admin/main/scss/icons/flag-icon-css/flags/lv.svg]
[wrappixel.com/demos/admin-templates/monster-admin/main/scss/icons/flag-icon-css/flags/ly.svg]
[wrappixel.com/demos/admin-templates/monster-admin/main/scss/icons/flag-icon-css/flags/ma.svg]
[wrappixel.com/demos/admin-templates/monster-admin/main/scss/icons/flag-icon-css/flags/mc.svg]
[wrappixel.com/demos/admin-templates/monster-admin/main/scss/icons/flag-icon-css/flags/md.svg]
[wrappixel.com/demos/admin-templates/monster-admin/main/scss/icons/flag-icon-css/flags/me.svg]
[wrappixel.com/demos/admin-templates/monster-admin/main/scss/icons/flag-icon-css/flags/mf.svg]
[wrappixel.com/demos/admin-templates/monster-admin/main/scss/icons/flag-icon-css/flags/mg.svg]
[wrappixel.com/demos/admin-templates/monster-admin/main/scss/icons/flag-icon-css/flags/mh.svg]
[wrappixel.com/demos/admin-templates/monster-admin/main/scss/icons/flag-icon-css/flags/mk.svg]
[wrappixel.com/demos/admin-templates/monster-admin/main/scss/icons/flag-icon-css/flags/ml.svg]
[wrappixel.com/demos/admin-templates/monster-admin/main/scss/icons/flag-icon-css/flags/mm.svg]
[wrappixel.com/demos/admin-templates/monster-admin/main/scss/icons/flag-icon-css/flags/mn.svg]
[wrappixel.com/demos/admin-templates/monster-admin/main/scss/icons/flag-icon-css/flags/mo.svg]
[wrappixel.com/demos/admin-templates/monster-admin/main/scss/icons/flag-icon-css/flags/mp.svg]
[wrappixel.com/demos/admin-templates/monster-admin/main/scss/icons/flag-icon-css/flags/mq.svg]
[wrappixel.com/demos/admin-templates/monster-admin/main/scss/icons/flag-icon-css/flags/mr.svg]
[wrappixel.com/demos/admin-templates/monster-admin/main/scss/icons/flag-icon-css/flags/ms.svg]
[wrappixel.com/demos/admin-templates/monster-admin/main/scss/icons/flag-icon-css/flags/mt.svg]
[wrappixel.com/demos/admin-templates/monster-admin/main/scss/icons/flag-icon-css/flags/mu.svg]
[wrappixel.com/demos/admin-templates/monster-admin/main/scss/icons/flag-icon-css/flags/mv.svg]
[wrappixel.com/demos/admin-templates/monster-admin/main/scss/icons/flag-icon-css/flags/mw.svg]
[wrappixel.com/demos/admin-templates/monster-admin/main/scss/icons/flag-icon-css/flags/mx.svg]
[wrappixel.com/demos/admin-templates/monster-admin/main/scss/icons/flag-icon-css/flags/my.svg]
[wrappixel.com/demos/admin-templates/monster-admin/main/scss/icons/flag-icon-css/flags/mz.svg]
[wrappixel.com/demos/admin-templates/monster-admin/main/scss/icons/flag-icon-css/flags/na.svg]
[wrappixel.com/demos/admin-templates/monster-admin/main/scss/icons/flag-icon-css/flags/nc.svg]
[wrappixel.com/demos/admin-templates/monster-admin/main/scss/icons/flag-icon-css/flags/ne.svg]
[wrappixel.com/demos/admin-templates/monster-admin/main/scss/icons/flag-icon-css/flags/nf.svg]
[wrappixel.com/demos/admin-templates/monster-admin/main/scss/icons/flag-icon-css/flags/ng.svg]
[wrappixel.com/demos/admin-templates/monster-admin/main/scss/icons/flag-icon-css/flags/ni.svg]
[wrappixel.com/demos/admin-templates/monster-admin/main/scss/icons/flag-icon-css/flags/nl.svg]
[wrappixel.com/demos/admin-templates/monster-admin/main/scss/icons/flag-icon-css/flags/no.svg]
[wrappixel.com/demos/admin-templates/monster-admin/main/scss/icons/flag-icon-css/flags/np.svg]
[wrappixel.com/demos/admin-templates/monster-admin/main/scss/icons/flag-icon-css/flags/nr.svg]
[wrappixel.com/demos/admin-templates/monster-admin/main/scss/icons/flag-icon-css/flags/nu.svg]
[wrappixel.com/demos/admin-templates/monster-admin/main/scss/icons/flag-icon-css/flags/nz.svg]
[wrappixel.com/demos/admin-templates/monster-admin/main/scss/icons/flag-icon-css/flags/om.svg]
[wrappixel.com/demos/admin-templates/monster-admin/main/scss/icons/flag-icon-css/flags/pa.svg]
[wrappixel.com/demos/admin-templates/monster-admin/main/scss/icons/flag-icon-css/flags/pe.svg]
[wrappixel.com/demos/admin-templates/monster-admin/main/scss/icons/flag-icon-css/flags/pf.svg]
[wrappixel.com/demos/admin-templates/monster-admin/main/scss/icons/flag-icon-css/flags/pg.svg]
[wrappixel.com/demos/admin-templates/monster-admin/main/scss/icons/flag-icon-css/flags/ph.svg]
[wrappixel.com/demos/admin-templates/monster-admin/main/scss/icons/flag-icon-css/flags/pk.svg]
[wrappixel.com/demos/admin-templates/monster-admin/main/scss/icons/flag-icon-css/flags/pl.svg]
[wrappixel.com/demos/admin-templates/monster-admin/main/scss/icons/flag-icon-css/flags/pm.svg]
[wrappixel.com/demos/admin-templates/monster-admin/main/scss/icons/flag-icon-css/flags/pn.svg]
[wrappixel.com/demos/admin-templates/monster-admin/main/scss/icons/flag-icon-css/flags/pr.svg]
[wrappixel.com/demos/admin-templates/monster-admin/main/scss/icons/flag-icon-css/flags/ps.svg]
[wrappixel.com/demos/admin-templates/monster-admin/main/scss/icons/flag-icon-css/flags/pt.svg]
[wrappixel.com/demos/admin-templates/monster-admin/main/scss/icons/flag-icon-css/flags/pw.svg]
[wrappixel.com/demos/admin-templates/monster-admin/main/scss/icons/flag-icon-css/flags/py.svg]
[wrappixel.com/demos/admin-templates/monster-admin/main/scss/icons/flag-icon-css/flags/qa.svg]
[wrappixel.com/demos/admin-templates/monster-admin/main/scss/icons/flag-icon-css/flags/re.svg]
[wrappixel.com/demos/admin-templates/monster-admin/main/scss/icons/flag-icon-css/flags/ro.svg]
[wrappixel.com/demos/admin-templates/monster-admin/main/scss/icons/flag-icon-css/flags/rs.svg]
[wrappixel.com/demos/admin-templates/monster-admin/main/scss/icons/flag-icon-css/flags/ru.svg]
[wrappixel.com/demos/admin-templates/monster-admin/main/scss/icons/flag-icon-css/flags/rw.svg]
[wrappixel.com/demos/admin-templates/monster-admin/main/scss/icons/flag-icon-css/flags/sa.svg]
[wrappixel.com/demos/admin-templates/monster-admin/main/scss/icons/flag-icon-css/flags/sb.svg]
[wrappixel.com/demos/admin-templates/monster-admin/main/scss/icons/flag-icon-css/flags/sc.svg]
[wrappixel.com/demos/admin-templates/monster-admin/main/scss/icons/flag-icon-css/flags/sd.svg]
[wrappixel.com/demos/admin-templates/monster-admin/main/scss/icons/flag-icon-css/flags/se.svg]
[wrappixel.com/demos/admin-templates/monster-admin/main/scss/icons/flag-icon-css/flags/sg.svg]
[wrappixel.com/demos/admin-templates/monster-admin/main/scss/icons/flag-icon-css/flags/sh.svg]
[wrappixel.com/demos/admin-templates/monster-admin/main/scss/icons/flag-icon-css/flags/si.svg]
[wrappixel.com/demos/admin-templates/monster-admin/main/scss/icons/flag-icon-css/flags/sj.svg]
[wrappixel.com/demos/admin-templates/monster-admin/main/scss/icons/flag-icon-css/flags/sk.svg]
[wrappixel.com/demos/admin-templates/monster-admin/main/scss/icons/flag-icon-css/flags/sl.svg]
[wrappixel.com/demos/admin-templates/monster-admin/main/scss/icons/flag-icon-css/flags/sm.svg]
[wrappixel.com/demos/admin-templates/monster-admin/main/scss/icons/flag-icon-css/flags/sn.svg]
[wrappixel.com/demos/admin-templates/monster-admin/main/scss/icons/flag-icon-css/flags/so.svg]
[wrappixel.com/demos/admin-templates/monster-admin/main/scss/icons/flag-icon-css/flags/sr.svg]
[wrappixel.com/demos/admin-templates/monster-admin/main/scss/icons/flag-icon-css/flags/ss.svg]
[wrappixel.com/demos/admin-templates/monster-admin/main/scss/icons/flag-icon-css/flags/st.svg]
[wrappixel.com/demos/admin-templates/monster-admin/main/scss/icons/flag-icon-css/flags/sv.svg]
[wrappixel.com/demos/admin-templates/monster-admin/main/scss/icons/flag-icon-css/flags/sx.svg]
[wrappixel.com/demos/admin-templates/monster-admin/main/scss/icons/flag-icon-css/flags/sy.svg]
[wrappixel.com/demos/admin-templates/monster-admin/main/scss/icons/flag-icon-css/flags/sz.svg]
[wrappixel.com/demos/admin-templates/monster-admin/main/scss/icons/flag-icon-css/flags/tc.svg]
[wrappixel.com/demos/admin-templates/monster-admin/main/scss/icons/flag-icon-css/flags/td.svg]
[wrappixel.com/demos/admin-templates/monster-admin/main/scss/icons/flag-icon-css/flags/tf.svg]
[wrappixel.com/demos/admin-templates/monster-admin/main/scss/icons/flag-icon-css/flags/tg.svg]
[wrappixel.com/demos/admin-templates/monster-admin/main/scss/icons/flag-icon-css/flags/th.svg]
[wrappixel.com/demos/admin-templates/monster-admin/main/scss/icons/flag-icon-css/flags/tj.svg]
[wrappixel.com/demos/admin-templates/monster-admin/main/scss/icons/flag-icon-css/flags/tk.svg]
[wrappixel.com/demos/admin-templates/monster-admin/main/scss/icons/flag-icon-css/flags/tl.svg]
[wrappixel.com/demos/admin-templates/monster-admin/main/scss/icons/flag-icon-css/flags/tm.svg]
[wrappixel.com/demos/admin-templates/monster-admin/main/scss/icons/flag-icon-css/flags/tn.svg]
[wrappixel.com/demos/admin-templates/monster-admin/main/scss/icons/flag-icon-css/flags/to.svg]
[wrappixel.com/demos/admin-templates/monster-admin/main/scss/icons/flag-icon-css/flags/tr.svg]
[wrappixel.com/demos/admin-templates/monster-admin/main/scss/icons/flag-icon-css/flags/tt.svg]
[wrappixel.com/demos/admin-templates/monster-admin/main/scss/icons/flag-icon-css/flags/tv.svg]
[wrappixel.com/demos/admin-templates/monster-admin/main/scss/icons/flag-icon-css/flags/tw.svg]
[wrappixel.com/demos/admin-templates/monster-admin/main/scss/icons/flag-icon-css/flags/tz.svg]
[wrappixel.com/demos/admin-templates/monster-admin/main/scss/icons/flag-icon-css/flags/ua.svg]
[wrappixel.com/demos/admin-templates/monster-admin/main/scss/icons/flag-icon-css/flags/ug.svg]
[wrappixel.com/demos/admin-templates/monster-admin/main/scss/icons/flag-icon-css/flags/um.svg]
[wrappixel.com/demos/admin-templates/monster-admin/main/scss/icons/flag-icon-css/flags/us.svg]
[wrappixel.com/demos/admin-templates/monster-admin/main/scss/icons/flag-icon-css/flags/uy.svg]
[wrappixel.com/demos/admin-templates/monster-admin/main/scss/icons/flag-icon-css/flags/uz.svg]
[wrappixel.com/demos/admin-templates/monster-admin/main/scss/icons/flag-icon-css/flags/va.svg]
[wrappixel.com/demos/admin-templates/monster-admin/main/scss/icons/flag-icon-css/flags/vc.svg]
[wrappixel.com/demos/admin-templates/monster-admin/main/scss/icons/flag-icon-css/flags/ve.svg]
[wrappixel.com/demos/admin-templates/monster-admin/main/scss/icons/flag-icon-css/flags/vg.svg]
[wrappixel.com/demos/admin-templates/monster-admin/main/scss/icons/flag-icon-css/flags/vi.svg]
[wrappixel.com/demos/admin-templates/monster-admin/main/scss/icons/flag-icon-css/flags/vn.svg]
[wrappixel.com/demos/admin-templates/monster-admin/main/scss/icons/flag-icon-css/flags/vu.svg]
[wrappixel.com/demos/admin-templates/monster-admin/main/scss/icons/flag-icon-css/flags/wf.svg]
[wrappixel.com/demos/admin-templates/monster-admin/main/scss/icons/flag-icon-css/flags/ws.svg]
[wrappixel.com/demos/admin-templates/monster-admin/main/scss/icons/flag-icon-css/flags/ye.svg]
[wrappixel.com/demos/admin-templates/monster-admin/main/scss/icons/flag-icon-css/flags/yt.svg]
[wrappixel.com/demos/admin-templates/monster-admin/main/scss/icons/flag-icon-css/flags/za.svg]
[wrappixel.com/demos/admin-templates/monster-admin/main/scss/icons/flag-icon-css/flags/zm.svg]
[wrappixel.com/demos/admin-templates/monster-admin/main/scss/icons/flag-icon-css/flags/zw.svg]
[wrappixel.com/demos/admin-templates/monster-admin/main/scss/icons/material-design-iconic-font/fonts/materialdesignicons-webfontdc99.svg]
[wrappixel.com/demos/admin-templates/monster-admin/assets/plugins/icheck/skins/minimal/minimal.png]
[wrappixel.com/demos/admin-templates/monster-admin/assets/plugins/icheck/skins/minimal/minimal@2x.png]
[wrappixel.com/demos/admin-templates/monster-admin/assets/plugins/icheck/skins/minimal/red.png]
[wrappixel.com/demos/admin-templates/monster-admin/assets/plugins/icheck/skins/minimal/red@2x.png]
[wrappixel.com/demos/admin-templates/monster-admin/assets/plugins/icheck/skins/minimal/green.png]
[wrappixel.com/demos/admin-templates/monster-admin/assets/plugins/icheck/skins/minimal/green@2x.png]
[wrappixel.com/demos/admin-templates/monster-admin/assets/plugins/icheck/skins/minimal/blue.png]
[wrappixel.com/demos/admin-templates/monster-admin/assets/plugins/icheck/skins/minimal/blue@2x.png]
[wrappixel.com/demos/admin-templates/monster-admin/assets/plugins/icheck/skins/minimal/aero.png]
[wrappixel.com/demos/admin-templates/monster-admin/assets/plugins/icheck/skins/minimal/aero@2x.png]
[wrappixel.com/demos/admin-templates/monster-admin/assets/plugins/icheck/skins/minimal/grey.png]
[wrappixel.com/demos/admin-templates/monster-admin/assets/plugins/icheck/skins/minimal/grey@2x.png]
[wrappixel.com/demos/admin-templates/monster-admin/assets/plugins/icheck/skins/minimal/orange.png]
[wrappixel.com/demos/admin-templates/monster-admin/assets/plugins/icheck/skins/minimal/orange@2x.png]
[wrappixel.com/demos/admin-templates/monster-admin/assets/plugins/icheck/skins/minimal/yellow.png]
[wrappixel.com/demos/admin-templates/monster-admin/assets/plugins/icheck/skins/minimal/yellow@2x.png]
[wrappixel.com/demos/admin-templates/monster-admin/assets/plugins/icheck/skins/minimal/pink.png]
[wrappixel.com/demos/admin-templates/monster-admin/assets/plugins/icheck/skins/minimal/pink@2x.png]
[wrappixel.com/demos/admin-templates/monster-admin/assets/plugins/icheck/skins/minimal/purple.png]
[wrappixel.com/demos/admin-templates/monster-admin/assets/plugins/icheck/skins/minimal/purple@2x.png]
[wrappixel.com/demos/admin-templates/monster-admin/assets/plugins/icheck/skins/minimal/_all.css]
[wrappixel.com/demos/admin-templates/monster-admin/assets/plugins/icheck/skins/square/square.png]
[wrappixel.com/demos/admin-templates/monster-admin/assets/plugins/icheck/skins/square/square@2x.png]
[wrappixel.com/demos/admin-templates/monster-admin/assets/plugins/icheck/skins/square/red.png]
[wrappixel.com/demos/admin-templates/monster-admin/assets/plugins/icheck/skins/square/red@2x.png]
[wrappixel.com/demos/admin-templates/monster-admin/assets/plugins/icheck/skins/square/green.png]
[wrappixel.com/demos/admin-templates/monster-admin/assets/plugins/icheck/skins/square/green@2x.png]
[wrappixel.com/demos/admin-templates/monster-admin/assets/plugins/icheck/skins/square/blue.png]
[wrappixel.com/demos/admin-templates/monster-admin/assets/plugins/icheck/skins/square/blue@2x.png]
[wrappixel.com/demos/admin-templates/monster-admin/assets/plugins/icheck/skins/square/aero.png]
[wrappixel.com/demos/admin-templates/monster-admin/assets/plugins/icheck/skins/square/aero@2x.png]
[wrappixel.com/demos/admin-templates/monster-admin/assets/plugins/icheck/skins/square/grey.png]
[wrappixel.com/demos/admin-templates/monster-admin/assets/plugins/icheck/skins/square/grey@2x.png]
[wrappixel.com/demos/admin-templates/monster-admin/assets/plugins/icheck/skins/square/orange.png]
[wrappixel.com/demos/admin-templates/monster-admin/assets/plugins/icheck/skins/square/orange@2x.png]
[wrappixel.com/demos/admin-templates/monster-admin/assets/plugins/icheck/skins/square/yellow.png]
[wrappixel.com/demos/admin-templates/monster-admin/assets/plugins/icheck/skins/square/yellow@2x.png]
[wrappixel.com/demos/admin-templates/monster-admin/assets/plugins/icheck/skins/square/pink.png]
[wrappixel.com/demos/admin-templates/monster-admin/assets/plugins/icheck/skins/square/pink@2x.png]
[wrappixel.com/demos/admin-templates/monster-admin/assets/plugins/icheck/skins/square/purple.png]
[wrappixel.com/demos/admin-templates/monster-admin/assets/plugins/icheck/skins/square/purple@2x.png]
[wrappixel.com/demos/admin-templates/monster-admin/assets/plugins/icheck/skins/square/_all.css]
[wrappixel.com/demos/admin-templates/monster-admin/assets/plugins/icheck/skins/flat/flat.png]
[wrappixel.com/demos/admin-templates/monster-admin/assets/plugins/icheck/skins/flat/flat@2x.png]
[wrappixel.com/demos/admin-templates/monster-admin/assets/plugins/icheck/skins/flat/red.png]
[wrappixel.com/demos/admin-templates/monster-admin/assets/plugins/icheck/skins/flat/red@2x.png]
[wrappixel.com/demos/admin-templates/monster-admin/assets/plugins/icheck/skins/flat/green.png]
[wrappixel.com/demos/admin-templates/monster-admin/assets/plugins/icheck/skins/flat/green@2x.png]
[wrappixel.com/demos/admin-templates/monster-admin/assets/plugins/icheck/skins/flat/blue.png]
[wrappixel.com/demos/admin-templates/monster-admin/assets/plugins/icheck/skins/flat/blue@2x.png]
[wrappixel.com/demos/admin-templates/monster-admin/assets/plugins/icheck/skins/flat/aero.png]
[wrappixel.com/demos/admin-templates/monster-admin/assets/plugins/icheck/skins/flat/aero@2x.png]
[wrappixel.com/demos/admin-templates/monster-admin/assets/plugins/icheck/skins/flat/grey.png]
[wrappixel.com/demos/admin-templates/monster-admin/assets/plugins/icheck/skins/flat/grey@2x.png]
[wrappixel.com/demos/admin-templates/monster-admin/assets/plugins/icheck/skins/flat/orange.png]
[wrappixel.com/demos/admin-templates/monster-admin/assets/plugins/icheck/skins/flat/orange@2x.png]
[wrappixel.com/demos/admin-templates/monster-admin/assets/plugins/icheck/skins/flat/yellow.png]
[wrappixel.com/demos/admin-templates/monster-admin/assets/plugins/icheck/skins/flat/yellow@2x.png]
[wrappixel.com/demos/admin-templates/monster-admin/assets/plugins/icheck/skins/flat/pink.png]
[wrappixel.com/demos/admin-templates/monster-admin/assets/plugins/icheck/skins/flat/pink@2x.png]
[wrappixel.com/demos/admin-templates/monster-admin/assets/plugins/icheck/skins/flat/purple.png]
[wrappixel.com/demos/admin-templates/monster-admin/assets/plugins/icheck/skins/flat/purple@2x.png]
[wrappixel.com/demos/admin-templates/monster-admin/assets/plugins/icheck/skins/flat/_all.css]
[wrappixel.com/demos/admin-templates/monster-admin/assets/plugins/icheck/skins/line/line.png]
[wrappixel.com/demos/admin-templates/monster-admin/assets/plugins/icheck/skins/line/line@2x.png]
[wrappixel.com/demos/admin-templates/monster-admin/assets/plugins/icheck/skins/line/_all.css]
[wrappixel.com/demos/admin-templates/monster-admin/assets/plugins/icheck/skins/polaris/polaris.png]
[wrappixel.com/demos/admin-templates/monster-admin/assets/plugins/icheck/skins/polaris/polaris@2x.png]
[wrappixel.com/demos/admin-templates/monster-admin/assets/plugins/icheck/skins/polaris/polaris.css]
[wrappixel.com/demos/admin-templates/monster-admin/assets/plugins/icheck/skins/futurico/futurico.png]
[wrappixel.com/demos/admin-templates/monster-admin/assets/plugins/icheck/skins/futurico/futurico@2x.png]
[wrappixel.com/demos/admin-templates/monster-admin/assets/plugins/icheck/skins/futurico/futurico.css]
